../Core/Src/lvgl/src/draw/lv_draw.c:404:6:lv_draw_layer_init.part.0	24	static
../Core/Src/lvgl/src/draw/lv_draw.c:54:6:lv_draw_init	0	static
../Core/Src/lvgl/src/draw/lv_draw.c:61:6:lv_draw_deinit	16	static
../Core/Src/lvgl/src/draw/lv_draw.c:78:8:lv_draw_create_unit	8	static
../Core/Src/lvgl/src/draw/lv_draw.c:89:18:lv_draw_add_task	32	static
../Core/Src/lvgl/src/draw/lv_draw.c:178:6:lv_draw_wait_for_finish	0	static
../Core/Src/lvgl/src/draw/lv_draw.c:218:6:lv_draw_dispatch_layer	40	static
../Core/Src/lvgl/src/draw/lv_draw.c:197:6:lv_draw_dispatch	24	static
../Core/Src/lvgl/src/draw/lv_draw.c:117:6:lv_draw_finalize_task_creation	24	static
../Core/Src/lvgl/src/draw/lv_draw.c:278:6:lv_draw_dispatch_wait_for_request	0	static
../Core/Src/lvgl/src/draw/lv_draw.c:290:6:lv_draw_dispatch_request	0	static
../Core/Src/lvgl/src/draw/lv_draw.c:301:10:lv_draw_get_unit_count	0	static
../Core/Src/lvgl/src/draw/lv_draw.c:306:18:lv_draw_get_next_available_task	40	static
../Core/Src/lvgl/src/draw/lv_draw.c:367:10:lv_draw_get_dependent_count	16	static
../Core/Src/lvgl/src/draw/lv_draw.c:388:14:lv_draw_layer_create	24	static
../Core/Src/lvgl/src/draw/lv_draw.c:404:6:lv_draw_layer_init	0	static
../Core/Src/lvgl/src/draw/lv_draw.c:437:8:lv_draw_layer_alloc_buf	24	static
../Core/Src/lvgl/src/draw/lv_draw.c:479:8:lv_draw_layer_go_to_xy	0	static
../Core/Src/lvgl/src/draw/lv_draw.c:484:21:lv_draw_task_get_type	0	static
../Core/Src/lvgl/src/draw/lv_draw.c:489:8:lv_draw_task_get_draw_dsc	0	static
../Core/Src/lvgl/src/draw/lv_draw.c:494:6:lv_draw_task_get_area	0	static
