../Core/Src/buttons.c:149:6:dtc_event_handler	8	static
../Core/Src/buttons.c:108:6:meas_event_handler	16	static
../Core/Src/buttons.c:158:6:self_test_event_handler	8	static
../Core/Src/buttons.c:25:6:HAL_GPIO_EXTI_Callback	8	static
../Core/Src/buttons.c:52:6:load_screen_and_group	16	static
../Core/Src/buttons.c:33:6:enc_read	16	static
../Core/Src/buttons.c:79:6:menu_event_handler	16	static
../Core/Src/buttons.c:136:6:debug_event_handler	16	static
../Core/Src/buttons.c:167:6:single_exit_event_handler	8	static
../Core/Src/buttons.c:176:6:init_groups	16	static
../Core/Src/buttons.c:223:6:init_events	16	static
../Core/Src/buttons.c:263:6:init_buttons	8	static
