../Core/Src/buttons.c:156:6:self_test_event_handler	0	static
../Core/Src/buttons.c:147:6:dtc_event_handler	8	static
../Core/Src/buttons.c:106:6:meas_event_handler	16	static
../Core/Src/buttons.c:25:6:HAL_GPIO_EXTI_Callback	8	static
../Core/Src/buttons.c:52:6:load_screen_and_group	16	static
../Core/Src/buttons.c:33:6:enc_read	16	static
../Core/Src/buttons.c:79:6:menu_event_handler	16	static
../Core/Src/buttons.c:134:6:debug_event_handler	16	static
../Core/Src/buttons.c:164:6:single_exit_event_handler	8	static
../Core/Src/buttons.c:173:6:init_groups	16	static
../Core/Src/buttons.c:220:6:init_events	16	static
../Core/Src/buttons.c:260:6:init_buttons	8	static
