../Core/Src/buttons.c:151:6:dtc_event_handler	8	static
../Core/Src/buttons.c:110:6:meas_event_handler	16	static
../Core/Src/buttons.c:160:6:self_test_event_handler	8	static
../Core/Src/buttons.c:26:6:HAL_GPIO_EXTI_Callback	8	static
../Core/Src/buttons.c:53:6:load_screen_and_group	16	static
../Core/Src/buttons.c:34:6:enc_read	16	static
../Core/Src/buttons.c:80:6:menu_event_handler	16	static
../Core/Src/buttons.c:138:6:debug_event_handler	16	static
../Core/Src/buttons.c:170:6:single_exit_event_handler	16	static
../Core/Src/buttons.c:182:6:init_groups	16	static
../Core/Src/buttons.c:228:6:init_events	16	static
../Core/Src/buttons.c:268:6:init_buttons	8	static
