../Core/Src/ISO9141_KWP.c:32:19:iso9141_kwp_five_baud	16	static
../Core/Src/ISO9141_KWP.c:56:6:init_tx_gpio	32	static
../Core/Src/ISO9141_KWP.c:66:6:iso9141_kwp_uart_init	4	static
../Core/Src/ISO9141_KWP.c:80:19:iso9141_kwp_send_data	40	static
../Core/Src/ISO9141_KWP.c:107:19:kwp_get_response	16	static
../Core/Src/ISO9141_KWP.c:124:9:iso9141_get_response	24	static
../Core/Src/ISO9141_KWP.c:141:19:kwp_get_format_byte	8	static
../Core/Src/ISO9141_KWP.c:186:19:iso9141_kwp_get_init_response	8	static
../Core/Src/ISO9141_KWP.c:199:19:iso9141_kwp_listen	16	static
../Core/Src/ISO9141_KWP.c:152:19:iso9141_init	48	static
../Core/Src/ISO9141_KWP.c:165:19:kwp_init	48	static
../Core/Src/ISO9141_KWP.c:233:19:iso9141_get_pid	40	static
../Core/Src/ISO9141_KWP.c:255:19:iso9141_get_dtcs	40	static
../Core/Src/ISO9141_KWP.c:280:19:iso9141_clear_dtcs	16	static
../Core/Src/ISO9141_KWP.c:290:19:kwp_get_pid	40	dynamic
../Core/Src/ISO9141_KWP.c:324:19:kwp_get_dtcs	40	dynamic
../Core/Src/ISO9141_KWP.c:360:19:kwp_clear_dtcs	16	static
../Core/Src/ISO9141_KWP.c:370:9:iso9141_kwp_checksum	0	static
