../Core/Src/ISO9141_KWP.c:32:19:iso9141_kwp_five_baud	16	static
../Core/Src/ISO9141_KWP.c:56:6:init_tx_gpio	32	static
../Core/Src/ISO9141_KWP.c:66:6:iso9141_kwp_uart_init	4	static
../Core/Src/ISO9141_KWP.c:114:19:iso9141_kwp_get_init_response	8	static
../Core/Src/ISO9141_KWP.c:127:19:iso9141_kwp_listen	16	static
../Core/Src/ISO9141_KWP.c:80:19:iso9141_init	48	static
../Core/Src/ISO9141_KWP.c:93:19:kwp_init	48	static
../Core/Src/ISO9141_KWP.c:161:19:iso9141_get_pid	48	static
../Core/Src/ISO9141_KWP.c:193:19:kwp_get_pid	56	dynamic
../Core/Src/ISO9141_KWP.c:230:9:iso9141_kwp_checksum	0	static
../Core/Src/ISO9141_KWP.c:239:19:iso9141_kwp_send_data	32	static
