../Core/Src/main.c:98:6:fmc_init	32	static
../Core/Src/main.c:127:6:fmc_test	16	static
../Core/Src/main.c:140:6:fill_mem	24	static
../Core/Src/main.c:146:6:lcd_test	8	static
../Core/Src/main.c:161:6:my_flush_cb	40	static
../Core/Src/main.c:177:5:main	96	static
../Core/Src/main.c:261:6:SystemClock_Config	88	static
../Core/Src/main.c:315:13:MX_ADC1_Init	24	static
../Core/Src/main.c:367:13:MX_CAN1_Init	8	static
../Core/Src/main.c:404:13:MX_CAN2_Init	8	static
../Core/Src/main.c:441:13:MX_I2C4_Init	8	static
../Core/Src/main.c:489:13:MX_LTDC_Init	64	static
../Core/Src/main.c:551:13:MX_QUADSPI_Init	8	static
../Core/Src/main.c:586:13:MX_SPI1_Init	8	static
../Core/Src/main.c:626:13:MX_TIM1_Init	112	static
../Core/Src/main.c:705:13:MX_UART4_Init	8	static
../Core/Src/main.c:736:13:MX_FMC_Init	40	static
../Core/Src/main.c:787:13:MX_GPIO_Init	64	static
../Core/Src/main.c:836:6:Error_Handler	4	static,ignoring_inline_asm
