../Core/Src/main.c:97:6:fmc_init	32	static
../Core/Src/main.c:126:6:fmc_test	16	static
../Core/Src/main.c:139:6:fill_mem	24	static
../Core/Src/main.c:145:6:lcd_test	8	static
../Core/Src/main.c:160:6:my_flush_cb	40	static
../Core/Src/main.c:176:5:main	96	static
../Core/Src/main.c:256:6:SystemClock_Config	88	static
../Core/Src/main.c:310:13:MX_ADC1_Init	24	static
../Core/Src/main.c:362:13:MX_CAN1_Init	8	static
../Core/Src/main.c:399:13:MX_CAN2_Init	8	static
../Core/Src/main.c:436:13:MX_I2C4_Init	8	static
../Core/Src/main.c:484:13:MX_LTDC_Init	64	static
../Core/Src/main.c:546:13:MX_QUADSPI_Init	8	static
../Core/Src/main.c:581:13:MX_SPI1_Init	8	static
../Core/Src/main.c:621:13:MX_TIM1_Init	112	static
../Core/Src/main.c:700:13:MX_UART4_Init	8	static
../Core/Src/main.c:731:13:MX_FMC_Init	40	static
../Core/Src/main.c:782:13:MX_GPIO_Init	64	static
../Core/Src/main.c:826:6:Error_Handler	4	static,ignoring_inline_asm
