../Core/Src/OBD2.c:19:19:obd2_get_pid	8	static
../Core/Src/OBD2.c:26:19:obd2_get_rpm	16	static
../Core/Src/OBD2.c:36:19:obd2_get_vehicle_speed	16	static
../Core/Src/OBD2.c:46:19:obd2_get_engine_load	24	static
../Core/Src/OBD2.c:56:19:obd2_get_coolant_temp	16	static
../Core/Src/OBD2.c:66:19:obd2_get_throttle_pos	24	static
../Core/Src/OBD2.c:76:19:obd2_get_intake_temp	16	static
../Core/Src/OBD2.c:86:19:obd2_get_maf_flow_rate	16	static
../Core/Src/OBD2.c:96:19:obd2_get_boost	24	static
../Core/Src/OBD2.c:106:19:obd2_get_fuel_pressure	24	static
../Core/Src/OBD2.c:116:19:obd2_get_fuel_pressure_manifold_relative	24	static
../Core/Src/OBD2.c:126:19:obd2_dummy_request	16	static
../Core/Src/OBD2.c:135:19:obd2_bus_auto_detect	8	static
