../Core/Src/OBD_Debug.c:23:6:debug_init	0	static
../Core/Src/OBD_Debug.c:27:7:get_debug_log	0	static
../Core/Src/OBD_Debug.c:31:6:pause_debugger	0	static
../Core/Src/OBD_Debug.c:35:6:resume_debugger	0	static
../Core/Src/OBD_Debug.c:39:6:debug_flush	8	static
../Core/Src/OBD_Debug.c:52:6:debug_add_to_buffer	24	static
../Core/Src/OBD_Debug.c:61:6:debug_send_text	16	static
../Core/Src/OBD_Debug.c:69:6:debug_add_data	40	static
../Core/Src/OBD_Debug.c:86:6:add_bus_name_to_header	16	static
../Core/Src/OBD_Debug.c:106:6:debug_add_header	24	static
../Core/Src/OBD_Debug.c:119:9:get_obd_mode	0	static
../Core/Src/OBD_Debug.c:128:6:add_request_type_to_header	16	static
../Core/Src/OBD_Debug.c:139:6:debug_send_message	288	static
../Core/Src/OBD_Debug.c:152:6:debug_send_error	288	static
