../Core/Src/quadspi.c:20:13:MX_QUADSPI_Init	8	static
../Core/Src/quadspi.c:52:9:CSP_QUADSPI_Init	8	static
../Core/Src/quadspi.c:84:9:CSP_QSPI_Erase_Chip	64	static
../Core/Src/quadspi.c:119:9:QSPI_AutoPollingMemReady	88	static
../Core/Src/quadspi.c:152:16:QSPI_WriteEnable	88	static
../Core/Src/quadspi.c:194:9:QSPI_Configuration	72	static
../Core/Src/quadspi.c:271:9:CSP_QSPI_EraseSector	72	static
../Core/Src/quadspi.c:312:16:CSP_QSPI_EmptyBuf	72	static
../Core/Src/quadspi.c:335:9:CSP_QSPI_WriteMemory	96	static
../Core/Src/quadspi.c:414:9:CSP_QSPI_EnableMemoryMappedMode	72	static
../Core/Src/quadspi.c:442:9:QSPI_ResetChip	72	static,ignoring_inline_asm
