../Core/Src/selftest.c:71:48:flash_test	4136	static
../Core/Src/selftest.c:21:19:dram_test	40	static
../Core/Src/selftest.c:56:19:accelerometer_test	16	static
../Core/Src/selftest.c:109:6:display_memory_device_statistics	48	static
../Core/Src/selftest.c:125:6:display_accelerometer_statistics	48	static
../Core/Src/selftest.c:139:6:display_memory_device_test_report	120	static
../Core/Src/selftest.c:163:6:display_accelerometer_test_report	120	static
../Core/Src/selftest.c:182:6:display_test_report	16	static
../Core/Src/selftest.c:189:6:hide_report_objects	8	static
../Core/Src/selftest.c:201:6:show_report_objects	8	static
../Core/Src/selftest.c:213:6:clear_report_textareas	8	static
../Core/Src/selftest.c:219:6:update_progress_bar	8	static
../Core/Src/selftest.c:225:6:dgas_self_test	88	static
