../Core/Src/selftest.c:70:48:flash_test	4136	static
../Core/Src/selftest.c:20:19:dram_test	40	static
../Core/Src/selftest.c:55:19:accelerometer_test	16	static
../Core/Src/selftest.c:108:6:display_memory_device_statistics	48	static
../Core/Src/selftest.c:124:6:display_accelerometer_statistics	48	static
../Core/Src/selftest.c:138:6:display_memory_device_test_report	120	static
../Core/Src/selftest.c:162:6:display_accelerometer_test_report	120	static
../Core/Src/selftest.c:181:6:display_test_report	16	static
../Core/Src/selftest.c:188:6:hide_report_objects	8	static
../Core/Src/selftest.c:200:6:show_report_objects	8	static
../Core/Src/selftest.c:212:6:clear_report_textareas	8	static
../Core/Src/selftest.c:219:6:dgas_self_test	80	static
