../Core/Src/stm32f7xx_hal_msp.c:63:6:HAL_MspInit	16	static
../Core/Src/stm32f7xx_hal_msp.c:85:6:HAL_ADC_MspInit	48	static
../Core/Src/stm32f7xx_hal_msp.c:118:6:HAL_ADC_MspDeInit	16	static
../Core/Src/stm32f7xx_hal_msp.c:148:6:HAL_CAN_MspInit	56	static
../Core/Src/stm32f7xx_hal_msp.c:215:6:HAL_CAN_MspDeInit	16	static
../Core/Src/stm32f7xx_hal_msp.c:269:6:HAL_I2C_MspInit	176	static
../Core/Src/stm32f7xx_hal_msp.c:315:6:HAL_I2C_MspDeInit	16	static
../Core/Src/stm32f7xx_hal_msp.c:346:6:HAL_LTDC_MspInit	200	static
../Core/Src/stm32f7xx_hal_msp.c:491:6:HAL_LTDC_MspDeInit	16	static
../Core/Src/stm32f7xx_hal_msp.c:556:6:HAL_QSPI_MspInit	56	static
../Core/Src/stm32f7xx_hal_msp.c:626:6:HAL_QSPI_MspDeInit	16	static
../Core/Src/stm32f7xx_hal_msp.c:663:6:HAL_SPI_MspInit	48	static
../Core/Src/stm32f7xx_hal_msp.c:699:6:HAL_SPI_MspDeInit	16	static
../Core/Src/stm32f7xx_hal_msp.c:728:6:HAL_TIM_Base_MspInit	24	static
../Core/Src/stm32f7xx_hal_msp.c:753:6:HAL_TIM_Base_MspDeInit	16	static
../Core/Src/stm32f7xx_hal_msp.c:778:6:HAL_UART_MspInit	176	static
../Core/Src/stm32f7xx_hal_msp.c:825:6:HAL_UART_MspDeInit	16	static
../Core/Src/stm32f7xx_hal_msp.c:850:13:HAL_FMC_MspInit	32	static
../Core/Src/stm32f7xx_hal_msp.c:953:6:HAL_SDRAM_MspInit	16	static
../Core/Src/stm32f7xx_hal_msp.c:965:13:HAL_FMC_MspDeInit	8	static
../Core/Src/stm32f7xx_hal_msp.c:1036:6:HAL_SDRAM_MspDeInit	16	static
