../Core/Src/lvgl/src/core/lv_obj.c:513:13:lv_obj_destructor	8	static
../Core/Src/lvgl/src/core/lv_obj.c:478:13:lv_obj_constructor	32	static
../Core/Src/lvgl/src/core/lv_obj.c:998:13:null_on_delete_cb	8	static
../Core/Src/lvgl/src/core/lv_obj.c:899:13:update_obj_state	72	static
../Core/Src/lvgl/src/core/lv_obj.c:977:13:obj_valid_child.isra	24	static
../Core/Src/lvgl/src/core/lv_obj.c:730:13:lv_obj_event	176	static
../Core/Src/lvgl/src/core/lv_obj.c:213:12:lv_obj_create	8	static
../Core/Src/lvgl/src/core/lv_obj.c:231:6:lv_obj_add_flag	56	static
../Core/Src/lvgl/src/core/lv_obj.c:270:6:lv_obj_remove_flag	48	static
../Core/Src/lvgl/src/core/lv_obj.c:300:6:lv_obj_update_flag	0	static
../Core/Src/lvgl/src/core/lv_obj.c:306:6:lv_obj_add_state	0	static
../Core/Src/lvgl/src/core/lv_obj.c:316:6:lv_obj_remove_state	0	static
../Core/Src/lvgl/src/core/lv_obj.c:326:6:lv_obj_set_state	0	static
../Core/Src/lvgl/src/core/lv_obj.c:336:6:lv_obj_has_flag	0	static
../Core/Src/lvgl/src/core/lv_obj.c:343:6:lv_obj_has_flag_any	0	static
../Core/Src/lvgl/src/core/lv_obj.c:350:12:lv_obj_get_state	0	static
../Core/Src/lvgl/src/core/lv_obj.c:357:6:lv_obj_has_state	0	static
../Core/Src/lvgl/src/core/lv_obj.c:364:14:lv_obj_get_group	0	static
../Core/Src/lvgl/src/core/lv_obj.c:376:6:lv_obj_allocate_spec_attr	8	static
../Core/Src/lvgl/src/core/lv_obj.c:390:6:lv_obj_check_type	0	static
../Core/Src/lvgl/src/core/lv_obj.c:396:6:lv_obj_has_class	0	static
../Core/Src/lvgl/src/core/lv_obj.c:407:24:lv_obj_get_class	0	static
../Core/Src/lvgl/src/core/lv_obj.c:412:6:lv_obj_is_valid	24	static
../Core/Src/lvgl/src/core/lv_obj.c:429:6:lv_obj_null_on_delete	0	static
../Core/Src/lvgl/src/core/lv_obj.c:464:6:lv_obj_set_user_data	0	static
../Core/Src/lvgl/src/core/lv_obj.c:469:8:lv_obj_get_user_data	0	static
