../Core/Src/lvgl/src/core/lv_obj_pos.c:1255:13:transform_point_array	80	static
../Core/Src/lvgl/src/core/lv_obj_pos.c:567:9:lv_obj_get_content_height.part.0	32	static
../Core/Src/lvgl/src/core/lv_obj_pos.c:557:9:lv_obj_get_content_width.part.0	32	static
../Core/Src/lvgl/src/core/lv_obj_pos.c:577:6:lv_obj_get_content_coords.part.0	32	static
../Core/Src/lvgl/src/core/lv_obj_pos.c:51:6:lv_obj_set_pos	24	static
../Core/Src/lvgl/src/core/lv_obj_pos.c:59:6:lv_obj_set_x	24	static
../Core/Src/lvgl/src/core/lv_obj_pos.c:73:6:lv_obj_set_y	24	static
../Core/Src/lvgl/src/core/lv_obj_pos.c:213:6:lv_obj_set_size	24	static
../Core/Src/lvgl/src/core/lv_obj_pos.c:221:6:lv_obj_set_width	24	static
../Core/Src/lvgl/src/core/lv_obj_pos.c:234:6:lv_obj_set_height	24	static
../Core/Src/lvgl/src/core/lv_obj_pos.c:247:6:lv_obj_set_content_width	32	static
../Core/Src/lvgl/src/core/lv_obj_pos.c:254:6:lv_obj_set_content_height	32	static
../Core/Src/lvgl/src/core/lv_obj_pos.c:261:6:lv_obj_set_layout	8	static
../Core/Src/lvgl/src/core/lv_obj_pos.c:270:6:lv_obj_is_layout_positioned	24	static
../Core/Src/lvgl/src/core/lv_obj_pos.c:282:6:lv_obj_mark_layout_as_dirty	8	static
../Core/Src/lvgl/src/core/lv_obj_pos.c:317:6:lv_obj_set_align	0	static
../Core/Src/lvgl/src/core/lv_obj_pos.c:322:6:lv_obj_align	24	static
../Core/Src/lvgl/src/core/lv_obj_pos.c:478:6:lv_obj_get_coords	8	static
../Core/Src/lvgl/src/core/lv_obj_pos.c:485:9:lv_obj_get_x	24	static
../Core/Src/lvgl/src/core/lv_obj_pos.c:502:9:lv_obj_get_x2	32	static
../Core/Src/lvgl/src/core/lv_obj_pos.c:509:9:lv_obj_get_y	24	static
../Core/Src/lvgl/src/core/lv_obj_pos.c:526:9:lv_obj_get_y2	32	static
../Core/Src/lvgl/src/core/lv_obj_pos.c:533:9:lv_obj_get_x_aligned	16	static
../Core/Src/lvgl/src/core/lv_obj_pos.c:538:9:lv_obj_get_y_aligned	16	static
../Core/Src/lvgl/src/core/lv_obj_pos.c:543:9:lv_obj_get_width	0	static
../Core/Src/lvgl/src/core/lv_obj_pos.c:550:9:lv_obj_get_height	0	static
../Core/Src/lvgl/src/core/lv_obj_pos.c:557:9:lv_obj_get_content_width	0	static
../Core/Src/lvgl/src/core/lv_obj_pos.c:567:9:lv_obj_get_content_height	0	static
../Core/Src/lvgl/src/core/lv_obj_pos.c:577:6:lv_obj_get_content_coords	0	static
../Core/Src/lvgl/src/core/lv_obj_pos.c:589:9:lv_obj_get_self_width	16	static
../Core/Src/lvgl/src/core/lv_obj_pos.c:596:9:lv_obj_get_self_height	16	static
../Core/Src/lvgl/src/core/lv_obj_pos.c:603:6:lv_obj_refresh_self_size	24	static
../Core/Src/lvgl/src/core/lv_obj_pos.c:765:6:lv_obj_move_children_by	40	static
../Core/Src/lvgl/src/core/lv_obj_pos.c:786:6:lv_obj_transform_point_array	32	static
../Core/Src/lvgl/src/core/lv_obj_pos.c:781:6:lv_obj_transform_point	0	static
../Core/Src/lvgl/src/core/lv_obj_pos.c:805:6:lv_obj_get_transformed_area	56	static
../Core/Src/lvgl/src/core/lv_obj_pos.c:866:6:lv_obj_area_is_visible.part.0	56	static
../Core/Src/lvgl/src/core/lv_obj_pos.c:822:6:lv_obj_invalidate_area.part.0	32	static
../Core/Src/lvgl/src/core/lv_obj_pos.c:696:6:lv_obj_move_to	80	static
../Core/Src/lvgl/src/core/lv_obj_pos.c:613:6:lv_obj_refr_pos.part.0	64	static
../Core/Src/lvgl/src/core/lv_obj_pos.c:613:6:lv_obj_refr_pos	24	static
../Core/Src/lvgl/src/core/lv_obj_pos.c:822:6:lv_obj_invalidate_area	0	static
../Core/Src/lvgl/src/core/lv_obj_pos.c:850:6:lv_obj_invalidate	24	static
../Core/Src/lvgl/src/core/lv_obj_pos.c:866:6:lv_obj_area_is_visible	16	static
../Core/Src/lvgl/src/core/lv_obj_pos.c:924:6:lv_obj_is_visible	24	static
../Core/Src/lvgl/src/core/lv_obj_pos.c:939:6:lv_obj_set_ext_click_area	16	static
../Core/Src/lvgl/src/core/lv_obj_pos.c:947:6:lv_obj_get_click_area	4	static
../Core/Src/lvgl/src/core/lv_obj_pos.c:955:6:lv_obj_hit_test	48	static
../Core/Src/lvgl/src/core/lv_obj_pos.c:975:9:lv_clamp_width	8	static
../Core/Src/lvgl/src/core/lv_obj_pos.c:87:6:lv_obj_refr_size.part.0	120	static
../Core/Src/lvgl/src/core/lv_obj_pos.c:87:6:lv_obj_refr_size	0	static
../Core/Src/lvgl/src/core/lv_obj_pos.c:1230:13:layout_update_core	16	static
../Core/Src/lvgl/src/core/lv_obj_pos.c:328:6:lv_obj_align_to	56	static
../Core/Src/lvgl/src/core/lv_obj_pos.c:295:6:lv_obj_update_layout	16	static
../Core/Src/lvgl/src/core/lv_obj_pos.c:982:9:lv_clamp_height	8	static
../Core/Src/lvgl/src/core/lv_obj_pos.c:989:6:lv_obj_center	16	static
../Core/Src/lvgl/src/core/lv_obj_pos.c:994:6:lv_obj_set_transform	0	static
../Core/Src/lvgl/src/core/lv_obj_pos.c:1028:6:lv_obj_reset_transform	0	static
../Core/Src/lvgl/src/core/lv_obj_pos.c:1057:21:lv_obj_get_transform	0	static
