../Core/Src/lvgl/src/core/lv_refr.c:1307:13:wait_for_flushing	8	static
../Core/Src/lvgl/src/core/lv_refr.c:1242:13:draw_buf_flush	40	static
../Core/Src/lvgl/src/core/lv_refr.c:828:19:lv_refr_get_top_obj	24	static
../Core/Src/lvgl/src/core/lv_refr.c:75:6:lv_refr_init	0	static
../Core/Src/lvgl/src/core/lv_refr.c:79:6:lv_refr_deinit	0	static
../Core/Src/lvgl/src/core/lv_refr.c:100:6:lv_obj_redraw	320	static
../Core/Src/lvgl/src/core/lv_refr.c:1099:13:refr_obj.part.0	240	static
../Core/Src/lvgl/src/core/lv_refr.c:868:13:refr_obj_and_children	32	static
../Core/Src/lvgl/src/core/lv_refr.c:760:13:refr_configured_layer	48	static
../Core/Src/lvgl/src/core/lv_refr.c:657:13:refr_area	80	static
../Core/Src/lvgl/src/core/lv_refr.c:262:6:lv_inv_area	48	static
../Core/Src/lvgl/src/core/lv_refr.c:339:16:lv_refr_get_disp_refreshing	0	static
../Core/Src/lvgl/src/core/lv_refr.c:348:6:lv_refr_set_disp_refreshing	0	static
../Core/Src/lvgl/src/core/lv_refr.c:353:6:lv_display_refr_timer	136	static
../Core/Src/lvgl/src/core/lv_refr.c:83:6:lv_refr_now	8	static
