../Core/Src/lvgl/src/libs/bin_decoder/lv_bin_decoder.c:114:13:lv_bin_decoder_info	24	static
../Core/Src/lvgl/src/libs/bin_decoder/lv_bin_decoder.c:548:13:free_decoder_data	16	static
../Core/Src/lvgl/src/libs/bin_decoder/lv_bin_decoder.c:376:6:lv_bin_decoder_close	16	static
../Core/Src/lvgl/src/libs/bin_decoder/lv_bin_decoder.c:834:20:decode_alpha_only.constprop	64	static
../Core/Src/lvgl/src/libs/bin_decoder/lv_bin_decoder.c:565:20:decode_indexed.constprop	40	static
../Core/Src/lvgl/src/libs/bin_decoder/lv_bin_decoder.c:180:13:lv_bin_decoder_open	48	static
../Core/Src/lvgl/src/libs/bin_decoder/lv_bin_decoder.c:389:13:lv_bin_decoder_get_area	64	static
../Core/Src/lvgl/src/libs/bin_decoder/lv_bin_decoder.c:95:6:lv_bin_decoder_init	8	static
