../Core/Src/ui/screens.c:244:6:tick_screen_gauge_main_ui	0	static
../Core/Src/ui/screens.c:1354:6:tick_screen_self_test	0	static
../Core/Src/ui/screens.c:513:6:tick_screen_menu	0	static
../Core/Src/ui/screens.c:641:6:tick_screen_obd2_debug	0	static
../Core/Src/ui/screens.c:839:6:tick_screen_measure	0	static
../Core/Src/ui/screens.c:965:6:tick_screen_settings	0	static
../Core/Src/ui/screens.c:1046:6:tick_screen_about	0	static
../Core/Src/ui/screens.c:1154:6:tick_screen_diagnose	0	static
../Core/Src/ui/screens.c:16:6:create_screen_gauge_main_ui	120	static
../Core/Src/ui/screens.c:247:6:create_screen_menu	184	static
../Core/Src/ui/screens.c:516:6:create_screen_obd2_debug	104	static
../Core/Src/ui/screens.c:644:6:create_screen_measure	72	static
../Core/Src/ui/screens.c:842:6:create_screen_settings	88	static
../Core/Src/ui/screens.c:968:6:create_screen_about	56	static
../Core/Src/ui/screens.c:1049:6:create_screen_diagnose	64	static
../Core/Src/ui/screens.c:1157:6:create_screen_self_test	120	static
../Core/Src/ui/screens.c:1358:6:create_screens	24	static
../Core/Src/ui/screens.c:1386:6:tick_screen	0	static
