../Core/Src/lvgl/src/widgets/chart/lv_chart.c:797:13:draw_series_line	360	static
../Core/Src/lvgl/src/widgets/chart/lv_chart.c:950:13:draw_series_scatter	304	static
../Core/Src/lvgl/src/widgets/chart/lv_chart.c:645:13:lv_chart_destructor	16	static
../Core/Src/lvgl/src/widgets/chart/lv_chart.c:616:13:lv_chart_constructor	8	static
../Core/Src/lvgl/src/widgets/chart/lv_chart.c:1338:13:new_points_alloc	32	static
../Core/Src/lvgl/src/widgets/chart/lv_chart.c:1276:13:invalidate_point.part.0	48	static
../Core/Src/lvgl/src/widgets/chart/lv_chart.c:212:6:lv_chart_get_point_pos_by_id.part.0	72	static
../Core/Src/lvgl/src/widgets/chart/lv_chart.c:1157:13:draw_cursors	456	static
../Core/Src/lvgl/src/widgets/chart/lv_chart.c:675:13:lv_chart_event	248	static
../Core/Src/lvgl/src/widgets/chart/lv_chart.c:71:12:lv_chart_create	8	static
../Core/Src/lvgl/src/widgets/chart/lv_chart.c:79:6:lv_chart_set_type	24	static
../Core/Src/lvgl/src/widgets/chart/lv_chart.c:108:6:lv_chart_set_point_count	24	static
../Core/Src/lvgl/src/widgets/chart/lv_chart.c:132:6:lv_chart_set_range	0	static
../Core/Src/lvgl/src/widgets/chart/lv_chart.c:164:6:lv_chart_set_update_mode	0	static
../Core/Src/lvgl/src/widgets/chart/lv_chart.c:175:6:lv_chart_set_div_line_count	0	static
../Core/Src/lvgl/src/widgets/chart/lv_chart.c:188:17:lv_chart_get_type	0	static
../Core/Src/lvgl/src/widgets/chart/lv_chart.c:196:10:lv_chart_get_point_count	0	static
../Core/Src/lvgl/src/widgets/chart/lv_chart.c:204:10:lv_chart_get_x_start_point	0	static
../Core/Src/lvgl/src/widgets/chart/lv_chart.c:212:6:lv_chart_get_point_pos_by_id	12	static
../Core/Src/lvgl/src/widgets/chart/lv_chart.c:287:6:lv_chart_refresh	0	static
../Core/Src/lvgl/src/widgets/chart/lv_chart.c:298:21:lv_chart_add_series	32	static
../Core/Src/lvgl/src/widgets/chart/lv_chart.c:360:6:lv_chart_remove_series	16	static
../Core/Src/lvgl/src/widgets/chart/lv_chart.c:375:6:lv_chart_hide_series	0	static
../Core/Src/lvgl/src/widgets/chart/lv_chart.c:384:6:lv_chart_set_series_color	8	static
../Core/Src/lvgl/src/widgets/chart/lv_chart.c:393:12:lv_chart_get_series_color	8	static
../Core/Src/lvgl/src/widgets/chart/lv_chart.c:402:6:lv_chart_set_x_start_point	0	static
../Core/Src/lvgl/src/widgets/chart/lv_chart.c:412:21:lv_chart_get_series_next	0	static
../Core/Src/lvgl/src/widgets/chart/lv_chart.c:425:22:lv_chart_add_cursor	24	static
../Core/Src/lvgl/src/widgets/chart/lv_chart.c:443:6:lv_chart_set_cursor_pos	4	static
../Core/Src/lvgl/src/widgets/chart/lv_chart.c:453:6:lv_chart_set_cursor_point	16	static
../Core/Src/lvgl/src/widgets/chart/lv_chart.c:465:12:lv_chart_get_cursor_point	0	static
../Core/Src/lvgl/src/widgets/chart/lv_chart.c:477:6:lv_chart_set_all_values	4	static
../Core/Src/lvgl/src/widgets/chart/lv_chart.c:491:6:lv_chart_set_next_value	16	static
../Core/Src/lvgl/src/widgets/chart/lv_chart.c:503:6:lv_chart_set_next_value2	8	static
../Core/Src/lvgl/src/widgets/chart/lv_chart.c:521:6:lv_chart_set_value_by_id	4	static
../Core/Src/lvgl/src/widgets/chart/lv_chart.c:532:6:lv_chart_set_value_by_id2	12	static
../Core/Src/lvgl/src/widgets/chart/lv_chart.c:550:6:lv_chart_set_ext_y_array	16	static
../Core/Src/lvgl/src/widgets/chart/lv_chart.c:561:6:lv_chart_set_ext_x_array	16	static
../Core/Src/lvgl/src/widgets/chart/lv_chart.c:572:11:lv_chart_get_y_array	0	static
../Core/Src/lvgl/src/widgets/chart/lv_chart.c:580:11:lv_chart_get_x_array	0	static
../Core/Src/lvgl/src/widgets/chart/lv_chart.c:588:10:lv_chart_get_pressed_point	0	static
../Core/Src/lvgl/src/widgets/chart/lv_chart.c:594:9:lv_chart_get_first_point_center_offset	24	static
