../Core/Src/lvgl/src/widgets/menu/lv_menu.c:598:13:lv_menu_destructor	0	static
../Core/Src/lvgl/src/widgets/menu/lv_menu.c:644:13:lv_menu_section_constructor	16	static
../Core/Src/lvgl/src/widgets/menu/lv_menu.c:636:13:lv_menu_cont_constructor	16	static
../Core/Src/lvgl/src/widgets/menu/lv_menu.c:531:13:lv_menu_constructor	24	static
../Core/Src/lvgl/src/widgets/menu/lv_menu.c:808:13:lv_menu_value_changed_event_cb	8	static
../Core/Src/lvgl/src/widgets/menu/lv_menu.c:623:13:lv_menu_page_destructor	8	static
../Core/Src/lvgl/src/widgets/menu/lv_menu.c:763:13:lv_menu_obj_delete_event_cb	8	static
../Core/Src/lvgl/src/widgets/menu/lv_menu.c:611:13:lv_menu_page_constructor	8	static
../Core/Src/lvgl/src/widgets/menu/lv_menu.c:686:13:lv_menu_refr_main_header_mode	8	static
../Core/Src/lvgl/src/widgets/menu/lv_menu.c:651:13:lv_menu_refr_sidebar_header_mode	8	static
../Core/Src/lvgl/src/widgets/menu/lv_menu.c:119:12:lv_menu_create	8	static
../Core/Src/lvgl/src/widgets/menu/lv_menu.c:127:12:lv_menu_page_create	16	static
../Core/Src/lvgl/src/widgets/menu/lv_menu.c:144:12:lv_menu_cont_create	8	static
../Core/Src/lvgl/src/widgets/menu/lv_menu.c:154:12:lv_menu_section_create	8	static
../Core/Src/lvgl/src/widgets/menu/lv_menu.c:164:12:lv_menu_separator_create	8	static
../Core/Src/lvgl/src/widgets/menu/lv_menu.c:202:6:lv_menu_set_page	16	static
../Core/Src/lvgl/src/widgets/menu/lv_menu.c:769:13:lv_menu_back_event_cb	24	static
../Core/Src/lvgl/src/widgets/menu/lv_menu.c:722:13:lv_menu_load_page_event_cb	16	static
../Core/Src/lvgl/src/widgets/menu/lv_menu.c:282:6:lv_menu_set_sidebar_page	24	static
../Core/Src/lvgl/src/widgets/menu/lv_menu.c:345:6:lv_menu_set_mode_header	8	static
../Core/Src/lvgl/src/widgets/menu/lv_menu.c:358:6:lv_menu_set_mode_root_back_button	16	static
../Core/Src/lvgl/src/widgets/menu/lv_menu.c:370:6:lv_menu_set_load_page_event	32	static
../Core/Src/lvgl/src/widgets/menu/lv_menu.c:398:6:lv_menu_set_page_title	16	static
../Core/Src/lvgl/src/widgets/menu/lv_menu.c:425:6:lv_menu_set_page_title_static	16	static
../Core/Src/lvgl/src/widgets/menu/lv_menu.c:452:12:lv_menu_get_cur_main_page	0	static
../Core/Src/lvgl/src/widgets/menu/lv_menu.c:460:12:lv_menu_get_cur_sidebar_page	0	static
../Core/Src/lvgl/src/widgets/menu/lv_menu.c:468:12:lv_menu_get_main_header	0	static
../Core/Src/lvgl/src/widgets/menu/lv_menu.c:476:12:lv_menu_get_main_header_back_button	0	static
../Core/Src/lvgl/src/widgets/menu/lv_menu.c:484:12:lv_menu_get_sidebar_header	0	static
../Core/Src/lvgl/src/widgets/menu/lv_menu.c:492:12:lv_menu_get_sidebar_header_back_button	0	static
../Core/Src/lvgl/src/widgets/menu/lv_menu.c:500:6:lv_menu_back_button_is_root	0	static
../Core/Src/lvgl/src/widgets/menu/lv_menu.c:515:6:lv_menu_clear_history	8	static
