15:43:32 **** Incremental Build of configuration Debug for project DGAS Firmware ****
make -j8 all 
arm-none-eabi-gcc "../Core/Src/OBD2.c" -mcpu=cortex-m7 -std=gnu11 -g3 -DLV_CONF_INCLUDE_SIMPLE -DDEBUG -DLV_LVGL_H_INCLUDE_SIMPLE -DUSE_HAL_DRIVER -DSTM32F746xx -c -I../Core/Inc -I../Core/Src/ui/ -I../Core/Src/lvgl/ -I../Drivers/STM32F7xx_HAL_Driver/Inc -I../Drivers/STM32F7xx_HAL_Driver/Inc/Legacy -I../Drivers/CMSIS/Device/ST/STM32F7xx/Include -I../Drivers/CMSIS/Include -O2 -ffunction-sections -fdata-sections -Wall -fstack-usage -fcyclomatic-complexity -MMD -MP -MF"Core/Src/OBD2.d" -MT"Core/Src/OBD2.o" --specs=nano.specs -mfpu=fpv5-sp-d16 -mfloat-abi=hard -mthumb -o "Core/Src/OBD2.o"
arm-none-eabi-g++ -o "DGAS Firmware.elf" @"objects.list"   -mcpu=cortex-m7 -T"C:\Users\rhett\OneDrive\Documents\Projects\DGAS\DGAS Firmware\STM32F746ZGTX_FLASH.ld" -Wl,-Map="DGAS Firmware.map" -Wl,--gc-sections -static --specs=nano.specs -mfpu=fpv5-sp-d16 -mfloat-abi=hard -mthumb -u _printf_float -Wl,--start-group -lc -lm -lstdc++ -lsupc++ -Wl,--end-group
Finished building target: DGAS Firmware.elf
 
arm-none-eabi-size   DGAS\ Firmware.elf 
arm-none-eabi-objdump -h -S  DGAS\ Firmware.elf  > "DGAS Firmware.list"
   text	   data	    bss	    dec	    hex	filename
 892532	    564	 134652	1027748	  faea4	DGAS Firmware.elf
Finished building: default.size.stdout
 
Finished building: DGAS Firmware.list
 
15:44:20 **** Incremental Build of configuration Debug for project DGAS Firmware ****
make -j8 all 
arm-none-eabi-size   DGAS\ Firmware.elf 
   text	   data	    bss	    dec	    hex	filename
 892532	    564	 134652	1027748	  faea4	DGAS Firmware.elf
Finished building: default.size.stdout
 
15:51:56 **** Incremental Build of configuration Debug for project DGAS Firmware ****
make -j8 all 
arm-none-eabi-gcc "../Core/Src/gauge.c" -mcpu=cortex-m7 -std=gnu11 -g3 -DLV_CONF_INCLUDE_SIMPLE -DDEBUG -DLV_LVGL_H_INCLUDE_SIMPLE -DUSE_HAL_DRIVER -DSTM32F746xx -c -I../Core/Inc -I../Core/Src/ui/ -I../Core/Src/lvgl/ -I../Drivers/STM32F7xx_HAL_Driver/Inc -I../Drivers/STM32F7xx_HAL_Driver/Inc/Legacy -I../Drivers/CMSIS/Device/ST/STM32F7xx/Include -I../Drivers/CMSIS/Include -O2 -ffunction-sections -fdata-sections -Wall -fstack-usage -fcyclomatic-complexity -MMD -MP -MF"Core/Src/gauge.d" -MT"Core/Src/gauge.o" --specs=nano.specs -mfpu=fpv5-sp-d16 -mfloat-abi=hard -mthumb -o "Core/Src/gauge.o"
../Core/Src/gauge.c: In function 'read_gauge_config':
../Core/Src/gauge.c:139:24: warning: assignment to 'HAL_StatusTypeDef (*)(void)' from incompatible pointer type 'HAL_StatusTypeDef (*)(OBDBus *)' [-Wincompatible-pointer-types]
  139 |   state->bus->init_bus = obd2_bus_auto_detect;
      |                        ^
../Core/Src/gauge.c: In function 'get_param_from_id':
../Core/Src/gauge.c:97:1: warning: control reaches end of non-void function [-Wreturn-type]
   97 | }
      | ^
arm-none-eabi-g++ -o "DGAS Firmware.elf" @"objects.list"   -mcpu=cortex-m7 -T"C:\Users\rhett\OneDrive\Documents\Projects\DGAS\DGAS Firmware\STM32F746ZGTX_FLASH.ld" -Wl,-Map="DGAS Firmware.map" -Wl,--gc-sections -static --specs=nano.specs -mfpu=fpv5-sp-d16 -mfloat-abi=hard -mthumb -u _printf_float -Wl,--start-group -lc -lm -lstdc++ -lsupc++ -Wl,--end-group
Finished building target: DGAS Firmware.elf
 
arm-none-eabi-size   DGAS\ Firmware.elf 
arm-none-eabi-objdump -h -S  DGAS\ Firmware.elf  > "DGAS Firmware.list"
   text	   data	    bss	    dec	    hex	filename
 892572	    564	 134652	1027788	  faecc	DGAS Firmware.elf
Finished building: default.size.stdout
 
Finished building: DGAS Firmware.list
 
16:14:35 **** Incremental Build of configuration Debug for project DGAS Firmware ****
make -j8 all 
arm-none-eabi-gcc "../Core/Src/gauge.c" -mcpu=cortex-m7 -std=gnu11 -g3 -DLV_CONF_INCLUDE_SIMPLE -DDEBUG -DLV_LVGL_H_INCLUDE_SIMPLE -DUSE_HAL_DRIVER -DSTM32F746xx -c -I../Core/Inc -I../Core/Src/ui/ -I../Core/Src/lvgl/ -I../Drivers/STM32F7xx_HAL_Driver/Inc -I../Drivers/STM32F7xx_HAL_Driver/Inc/Legacy -I../Drivers/CMSIS/Device/ST/STM32F7xx/Include -I../Drivers/CMSIS/Include -O2 -ffunction-sections -fdata-sections -Wall -fstack-usage -fcyclomatic-complexity -MMD -MP -MF"Core/Src/gauge.d" -MT"Core/Src/gauge.o" --specs=nano.specs -mfpu=fpv5-sp-d16 -mfloat-abi=hard -mthumb -o "Core/Src/gauge.o"
../Core/Src/gauge.c: In function 'get_param_from_id':
../Core/Src/gauge.c:97:1: warning: control reaches end of non-void function [-Wreturn-type]
   97 | }
      | ^
arm-none-eabi-g++ -o "DGAS Firmware.elf" @"objects.list"   -mcpu=cortex-m7 -T"C:\Users\rhett\OneDrive\Documents\Projects\DGAS\DGAS Firmware\STM32F746ZGTX_FLASH.ld" -Wl,-Map="DGAS Firmware.map" -Wl,--gc-sections -static --specs=nano.specs -mfpu=fpv5-sp-d16 -mfloat-abi=hard -mthumb -u _printf_float -Wl,--start-group -lc -lm -lstdc++ -lsupc++ -Wl,--end-group
Finished building target: DGAS Firmware.elf
 
arm-none-eabi-size   DGAS\ Firmware.elf 
arm-none-eabi-objdump -h -S  DGAS\ Firmware.elf  > "DGAS Firmware.list"
   text	   data	    bss	    dec	    hex	filename
 892572	    564	 134652	1027788	  faecc	DGAS Firmware.elf
Finished building: default.size.stdout
 
Finished building: DGAS Firmware.list
 
16:23:14 **** Incremental Build of configuration Debug for project DGAS Firmware ****
make -j8 all 
arm-none-eabi-gcc "../Core/Src/ui/ui_image_qr_code.c" -mcpu=cortex-m7 -std=gnu11 -g3 -DLV_CONF_INCLUDE_SIMPLE -DDEBUG -DLV_LVGL_H_INCLUDE_SIMPLE -DUSE_HAL_DRIVER -DSTM32F746xx -c -I../Core/Inc -I../Core/Src/ui/ -I../Core/Src/lvgl/ -I../Drivers/STM32F7xx_HAL_Driver/Inc -I../Drivers/STM32F7xx_HAL_Driver/Inc/Legacy -I../Drivers/CMSIS/Device/ST/STM32F7xx/Include -I../Drivers/CMSIS/Include -O2 -ffunction-sections -fdata-sections -Wall -fstack-usage -fcyclomatic-complexity -MMD -MP -MF"Core/Src/ui/ui_image_qr_code.d" -MT"Core/Src/ui/ui_image_qr_code.o" --specs=nano.specs -mfpu=fpv5-sp-d16 -mfloat-abi=hard -mthumb -o "Core/Src/ui/ui_image_qr_code.o"
arm-none-eabi-g++ -o "DGAS Firmware.elf" @"objects.list"   -mcpu=cortex-m7 -T"C:\Users\rhett\OneDrive\Documents\Projects\DGAS\DGAS Firmware\STM32F746ZGTX_FLASH.ld" -Wl,-Map="DGAS Firmware.map" -Wl,--gc-sections -static --specs=nano.specs -mfpu=fpv5-sp-d16 -mfloat-abi=hard -mthumb -u _printf_float -Wl,--start-group -lc -lm -lstdc++ -lsupc++ -Wl,--end-group
Finished building target: DGAS Firmware.elf
 
arm-none-eabi-size   DGAS\ Firmware.elf 
arm-none-eabi-objdump -h -S  DGAS\ Firmware.elf  > "DGAS Firmware.list"
   text	   data	    bss	    dec	    hex	filename
 892572	    564	 134652	1027788	  faecc	DGAS Firmware.elf
Finished building: default.size.stdout
 
Finished building: DGAS Firmware.list
 
