13:13:15 **** Incremental Build of configuration Debug for project DGAS Firmware ****
make -j8 all 
arm-none-eabi-gcc "../Core/Src/ui/images.c" -mcpu=cortex-m7 -std=gnu11 -g3 -DLV_CONF_INCLUDE_SIMPLE -DDEBUG -DLV_LVGL_H_INCLUDE_SIMPLE -DUSE_HAL_DRIVER -DSTM32F746xx -c -I../Core/Inc -I../Core/Src/ui/ -I../Core/Src/lvgl/ -I../Drivers/STM32F7xx_HAL_Driver/Inc -I../Drivers/STM32F7xx_HAL_Driver/Inc/Legacy -I../Drivers/CMSIS/Device/ST/STM32F7xx/Include -I../Drivers/CMSIS/Include -O2 -ffunction-sections -fdata-sections -Wall -fstack-usage -fcyclomatic-complexity -MMD -MP -MF"Core/Src/ui/images.d" -MT"Core/Src/ui/images.o" --specs=nano.specs -mfpu=fpv5-sp-d16 -mfloat-abi=hard -mthumb -o "Core/Src/ui/images.o"
arm-none-eabi-gcc "../Core/Src/ui/screens.c" -mcpu=cortex-m7 -std=gnu11 -g3 -DLV_CONF_INCLUDE_SIMPLE -DDEBUG -DLV_LVGL_H_INCLUDE_SIMPLE -DUSE_HAL_DRIVER -DSTM32F746xx -c -I../Core/Inc -I../Core/Src/ui/ -I../Core/Src/lvgl/ -I../Drivers/STM32F7xx_HAL_Driver/Inc -I../Drivers/STM32F7xx_HAL_Driver/Inc/Legacy -I../Drivers/CMSIS/Device/ST/STM32F7xx/Include -I../Drivers/CMSIS/Include -O2 -ffunction-sections -fdata-sections -Wall -fstack-usage -fcyclomatic-complexity -MMD -MP -MF"Core/Src/ui/screens.d" -MT"Core/Src/ui/screens.o" --specs=nano.specs -mfpu=fpv5-sp-d16 -mfloat-abi=hard -mthumb -o "Core/Src/ui/screens.o"
arm-none-eabi-gcc "../Core/Src/ui/styles.c" -mcpu=cortex-m7 -std=gnu11 -g3 -DLV_CONF_INCLUDE_SIMPLE -DDEBUG -DLV_LVGL_H_INCLUDE_SIMPLE -DUSE_HAL_DRIVER -DSTM32F746xx -c -I../Core/Inc -I../Core/Src/ui/ -I../Core/Src/lvgl/ -I../Drivers/STM32F7xx_HAL_Driver/Inc -I../Drivers/STM32F7xx_HAL_Driver/Inc/Legacy -I../Drivers/CMSIS/Device/ST/STM32F7xx/Include -I../Drivers/CMSIS/Include -O2 -ffunction-sections -fdata-sections -Wall -fstack-usage -fcyclomatic-complexity -MMD -MP -MF"Core/Src/ui/styles.d" -MT"Core/Src/ui/styles.o" --specs=nano.specs -mfpu=fpv5-sp-d16 -mfloat-abi=hard -mthumb -o "Core/Src/ui/styles.o"
arm-none-eabi-gcc "../Core/Src/ui/ui.c" -mcpu=cortex-m7 -std=gnu11 -g3 -DLV_CONF_INCLUDE_SIMPLE -DDEBUG -DLV_LVGL_H_INCLUDE_SIMPLE -DUSE_HAL_DRIVER -DSTM32F746xx -c -I../Core/Inc -I../Core/Src/ui/ -I../Core/Src/lvgl/ -I../Drivers/STM32F7xx_HAL_Driver/Inc -I../Drivers/STM32F7xx_HAL_Driver/Inc/Legacy -I../Drivers/CMSIS/Device/ST/STM32F7xx/Include -I../Drivers/CMSIS/Include -O2 -ffunction-sections -fdata-sections -Wall -fstack-usage -fcyclomatic-complexity -MMD -MP -MF"Core/Src/ui/ui.d" -MT"Core/Src/ui/ui.o" --specs=nano.specs -mfpu=fpv5-sp-d16 -mfloat-abi=hard -mthumb -o "Core/Src/ui/ui.o"
arm-none-eabi-gcc "../Core/Src/ui/ui_font_sdef.c" -mcpu=cortex-m7 -std=gnu11 -g3 -DLV_CONF_INCLUDE_SIMPLE -DDEBUG -DLV_LVGL_H_INCLUDE_SIMPLE -DUSE_HAL_DRIVER -DSTM32F746xx -c -I../Core/Inc -I../Core/Src/ui/ -I../Core/Src/lvgl/ -I../Drivers/STM32F7xx_HAL_Driver/Inc -I../Drivers/STM32F7xx_HAL_Driver/Inc/Legacy -I../Drivers/CMSIS/Device/ST/STM32F7xx/Include -I../Drivers/CMSIS/Include -O2 -ffunction-sections -fdata-sections -Wall -fstack-usage -fcyclomatic-complexity -MMD -MP -MF"Core/Src/ui/ui_font_sdef.d" -MT"Core/Src/ui/ui_font_sdef.o" --specs=nano.specs -mfpu=fpv5-sp-d16 -mfloat-abi=hard -mthumb -o "Core/Src/ui/ui_font_sdef.o"
arm-none-eabi-gcc "../Core/Src/ui/ui_font_symbols.c" -mcpu=cortex-m7 -std=gnu11 -g3 -DLV_CONF_INCLUDE_SIMPLE -DDEBUG -DLV_LVGL_H_INCLUDE_SIMPLE -DUSE_HAL_DRIVER -DSTM32F746xx -c -I../Core/Inc -I../Core/Src/ui/ -I../Core/Src/lvgl/ -I../Drivers/STM32F7xx_HAL_Driver/Inc -I../Drivers/STM32F7xx_HAL_Driver/Inc/Legacy -I../Drivers/CMSIS/Device/ST/STM32F7xx/Include -I../Drivers/CMSIS/Include -O2 -ffunction-sections -fdata-sections -Wall -fstack-usage -fcyclomatic-complexity -MMD -MP -MF"Core/Src/ui/ui_font_symbols.d" -MT"Core/Src/ui/ui_font_symbols.o" --specs=nano.specs -mfpu=fpv5-sp-d16 -mfloat-abi=hard -mthumb -o "Core/Src/ui/ui_font_symbols.o"
arm-none-eabi-gcc "../Core/Src/ui/ui_image_qr_code.c" -mcpu=cortex-m7 -std=gnu11 -g3 -DLV_CONF_INCLUDE_SIMPLE -DDEBUG -DLV_LVGL_H_INCLUDE_SIMPLE -DUSE_HAL_DRIVER -DSTM32F746xx -c -I../Core/Inc -I../Core/Src/ui/ -I../Core/Src/lvgl/ -I../Drivers/STM32F7xx_HAL_Driver/Inc -I../Drivers/STM32F7xx_HAL_Driver/Inc/Legacy -I../Drivers/CMSIS/Device/ST/STM32F7xx/Include -I../Drivers/CMSIS/Include -O2 -ffunction-sections -fdata-sections -Wall -fstack-usage -fcyclomatic-complexity -MMD -MP -MF"Core/Src/ui/ui_image_qr_code.d" -MT"Core/Src/ui/ui_image_qr_code.o" --specs=nano.specs -mfpu=fpv5-sp-d16 -mfloat-abi=hard -mthumb -o "Core/Src/ui/ui_image_qr_code.o"
arm-none-eabi-gcc "../Core/Src/OBD2.c" -mcpu=cortex-m7 -std=gnu11 -g3 -DLV_CONF_INCLUDE_SIMPLE -DDEBUG -DLV_LVGL_H_INCLUDE_SIMPLE -DUSE_HAL_DRIVER -DSTM32F746xx -c -I../Core/Inc -I../Core/Src/ui/ -I../Core/Src/lvgl/ -I../Drivers/STM32F7xx_HAL_Driver/Inc -I../Drivers/STM32F7xx_HAL_Driver/Inc/Legacy -I../Drivers/CMSIS/Device/ST/STM32F7xx/Include -I../Drivers/CMSIS/Include -O2 -ffunction-sections -fdata-sections -Wall -fstack-usage -fcyclomatic-complexity -MMD -MP -MF"Core/Src/OBD2.d" -MT"Core/Src/OBD2.o" --specs=nano.specs -mfpu=fpv5-sp-d16 -mfloat-abi=hard -mthumb -o "Core/Src/OBD2.o"
arm-none-eabi-gcc "../Core/Src/OBD_Debug.c" -mcpu=cortex-m7 -std=gnu11 -g3 -DLV_CONF_INCLUDE_SIMPLE -DDEBUG -DLV_LVGL_H_INCLUDE_SIMPLE -DUSE_HAL_DRIVER -DSTM32F746xx -c -I../Core/Inc -I../Core/Src/ui/ -I../Core/Src/lvgl/ -I../Drivers/STM32F7xx_HAL_Driver/Inc -I../Drivers/STM32F7xx_HAL_Driver/Inc/Legacy -I../Drivers/CMSIS/Device/ST/STM32F7xx/Include -I../Drivers/CMSIS/Include -O2 -ffunction-sections -fdata-sections -Wall -fstack-usage -fcyclomatic-complexity -MMD -MP -MF"Core/Src/OBD_Debug.d" -MT"Core/Src/OBD_Debug.o" --specs=nano.specs -mfpu=fpv5-sp-d16 -mfloat-abi=hard -mthumb -o "Core/Src/OBD_Debug.o"
arm-none-eabi-gcc "../Core/Src/buttons.c" -mcpu=cortex-m7 -std=gnu11 -g3 -DLV_CONF_INCLUDE_SIMPLE -DDEBUG -DLV_LVGL_H_INCLUDE_SIMPLE -DUSE_HAL_DRIVER -DSTM32F746xx -c -I../Core/Inc -I../Core/Src/ui/ -I../Core/Src/lvgl/ -I../Drivers/STM32F7xx_HAL_Driver/Inc -I../Drivers/STM32F7xx_HAL_Driver/Inc/Legacy -I../Drivers/CMSIS/Device/ST/STM32F7xx/Include -I../Drivers/CMSIS/Include -O2 -ffunction-sections -fdata-sections -Wall -fstack-usage -fcyclomatic-complexity -MMD -MP -MF"Core/Src/buttons.d" -MT"Core/Src/buttons.o" --specs=nano.specs -mfpu=fpv5-sp-d16 -mfloat-abi=hard -mthumb -o "Core/Src/buttons.o"
arm-none-eabi-gcc "../Core/Src/gauge.c" -mcpu=cortex-m7 -std=gnu11 -g3 -DLV_CONF_INCLUDE_SIMPLE -DDEBUG -DLV_LVGL_H_INCLUDE_SIMPLE -DUSE_HAL_DRIVER -DSTM32F746xx -c -I../Core/Inc -I../Core/Src/ui/ -I../Core/Src/lvgl/ -I../Drivers/STM32F7xx_HAL_Driver/Inc -I../Drivers/STM32F7xx_HAL_Driver/Inc/Legacy -I../Drivers/CMSIS/Device/ST/STM32F7xx/Include -I../Drivers/CMSIS/Include -O2 -ffunction-sections -fdata-sections -Wall -fstack-usage -fcyclomatic-complexity -MMD -MP -MF"Core/Src/gauge.d" -MT"Core/Src/gauge.o" --specs=nano.specs -mfpu=fpv5-sp-d16 -mfloat-abi=hard -mthumb -o "Core/Src/gauge.o"
arm-none-eabi-gcc "../Core/Src/main.c" -mcpu=cortex-m7 -std=gnu11 -g3 -DLV_CONF_INCLUDE_SIMPLE -DDEBUG -DLV_LVGL_H_INCLUDE_SIMPLE -DUSE_HAL_DRIVER -DSTM32F746xx -c -I../Core/Inc -I../Core/Src/ui/ -I../Core/Src/lvgl/ -I../Drivers/STM32F7xx_HAL_Driver/Inc -I../Drivers/STM32F7xx_HAL_Driver/Inc/Legacy -I../Drivers/CMSIS/Device/ST/STM32F7xx/Include -I../Drivers/CMSIS/Include -O2 -ffunction-sections -fdata-sections -Wall -fstack-usage -fcyclomatic-complexity -MMD -MP -MF"Core/Src/main.d" -MT"Core/Src/main.o" --specs=nano.specs -mfpu=fpv5-sp-d16 -mfloat-abi=hard -mthumb -o "Core/Src/main.o"
../Core/Src/main.c: In function 'main':
../Core/Src/main.c:246:3: warning: implicit declaration of function 'debug_init' [-Wimplicit-function-declaration]
  246 |   debug_init(kwp.id);
      |   ^~~~~~~~~~
At top level:
../Core/Src/main.c:736:13: warning: 'MX_UART4_Init' defined but not used [-Wunused-function]
  736 | static void MX_UART4_Init(void)
      |             ^~~~~~~~~~~~~
arm-none-eabi-g++ -o "DGAS Firmware.elf" @"objects.list"   -mcpu=cortex-m7 -T"C:\Users\rhett\OneDrive\Documents\Projects\DGAS\DGAS Firmware\STM32F746ZGTX_FLASH.ld" -Wl,-Map="DGAS Firmware.map" -Wl,--gc-sections -static --specs=nano.specs -mfpu=fpv5-sp-d16 -mfloat-abi=hard -mthumb -u _printf_float -Wl,--start-group -lc -lm -lstdc++ -lsupc++ -Wl,--end-group
Finished building target: DGAS Firmware.elf
 
arm-none-eabi-size   DGAS\ Firmware.elf 
arm-none-eabi-objdump -h -S  DGAS\ Firmware.elf  > "DGAS Firmware.list"
   text	   data	    bss	    dec	    hex	filename
 858788	    564	 134636	 993988	  f2ac4	DGAS Firmware.elf
Finished building: default.size.stdout
 
Finished building: DGAS Firmware.list
 
13:15:23 **** Incremental Build of configuration Debug for project DGAS Firmware ****
make -j8 all 
arm-none-eabi-size   DGAS\ Firmware.elf 
   text	   data	    bss	    dec	    hex	filename
 858788	    564	 134636	 993988	  f2ac4	DGAS Firmware.elf
Finished building: default.size.stdout
 
13:16:19 **** Incremental Build of configuration Debug for project DGAS Firmware ****
make -j8 all 
arm-none-eabi-size   DGAS\ Firmware.elf 
   text	   data	    bss	    dec	    hex	filename
 858788	    564	 134636	 993988	  f2ac4	DGAS Firmware.elf
Finished building: default.size.stdout
 
13:18:29 **** Incremental Build of configuration Debug for project DGAS Firmware ****
make -j8 all 
arm-none-eabi-size   DGAS\ Firmware.elf 
   text	   data	    bss	    dec	    hex	filename
 858788	    564	 134636	 993988	  f2ac4	DGAS Firmware.elf
Finished building: default.size.stdout
 
13:21:07 **** Incremental Build of configuration Debug for project DGAS Firmware ****
make -j8 all 
arm-none-eabi-gcc "../Core/Src/main.c" -mcpu=cortex-m7 -std=gnu11 -g3 -DLV_CONF_INCLUDE_SIMPLE -DDEBUG -DLV_LVGL_H_INCLUDE_SIMPLE -DUSE_HAL_DRIVER -DSTM32F746xx -c -I../Core/Inc -I../Core/Src/ui/ -I../Core/Src/lvgl/ -I../Drivers/STM32F7xx_HAL_Driver/Inc -I../Drivers/STM32F7xx_HAL_Driver/Inc/Legacy -I../Drivers/CMSIS/Device/ST/STM32F7xx/Include -I../Drivers/CMSIS/Include -O2 -ffunction-sections -fdata-sections -Wall -fstack-usage -fcyclomatic-complexity -MMD -MP -MF"Core/Src/main.d" -MT"Core/Src/main.o" --specs=nano.specs -mfpu=fpv5-sp-d16 -mfloat-abi=hard -mthumb -o "Core/Src/main.o"
../Core/Src/main.c: In function 'main':
../Core/Src/main.c:246:3: warning: implicit declaration of function 'debug_init' [-Wimplicit-function-declaration]
  246 |   debug_init(kwp.id);
      |   ^~~~~~~~~~
At top level:
../Core/Src/main.c:736:13: warning: 'MX_UART4_Init' defined but not used [-Wunused-function]
  736 | static void MX_UART4_Init(void)
      |             ^~~~~~~~~~~~~
arm-none-eabi-g++ -o "DGAS Firmware.elf" @"objects.list"   -mcpu=cortex-m7 -T"C:\Users\rhett\OneDrive\Documents\Projects\DGAS\DGAS Firmware\STM32F746ZGTX_FLASH.ld" -Wl,-Map="DGAS Firmware.map" -Wl,--gc-sections -static --specs=nano.specs -mfpu=fpv5-sp-d16 -mfloat-abi=hard -mthumb -u _printf_float -Wl,--start-group -lc -lm -lstdc++ -lsupc++ -Wl,--end-group
Finished building target: DGAS Firmware.elf
 
arm-none-eabi-size   DGAS\ Firmware.elf 
arm-none-eabi-objdump -h -S  DGAS\ Firmware.elf  > "DGAS Firmware.list"
   text	   data	    bss	    dec	    hex	filename
 858788	    564	 134636	 993988	  f2ac4	DGAS Firmware.elf
Finished building: default.size.stdout
 
Finished building: DGAS Firmware.list
 
13:24:00 **** Incremental Build of configuration Debug for project DGAS Firmware ****
make -j8 all 
arm-none-eabi-gcc "../Core/Src/main.c" -mcpu=cortex-m7 -std=gnu11 -g3 -DLV_CONF_INCLUDE_SIMPLE -DDEBUG -DLV_LVGL_H_INCLUDE_SIMPLE -DUSE_HAL_DRIVER -DSTM32F746xx -c -I../Core/Inc -I../Core/Src/ui/ -I../Core/Src/lvgl/ -I../Drivers/STM32F7xx_HAL_Driver/Inc -I../Drivers/STM32F7xx_HAL_Driver/Inc/Legacy -I../Drivers/CMSIS/Device/ST/STM32F7xx/Include -I../Drivers/CMSIS/Include -O2 -ffunction-sections -fdata-sections -Wall -fstack-usage -fcyclomatic-complexity -MMD -MP -MF"Core/Src/main.d" -MT"Core/Src/main.o" --specs=nano.specs -mfpu=fpv5-sp-d16 -mfloat-abi=hard -mthumb -o "Core/Src/main.o"
../Core/Src/main.c: In function 'main':
../Core/Src/main.c:246:3: warning: implicit declaration of function 'debug_init' [-Wimplicit-function-declaration]
  246 |   debug_init(kwp.id);
      |   ^~~~~~~~~~
At top level:
../Core/Src/main.c:736:13: warning: 'MX_UART4_Init' defined but not used [-Wunused-function]
  736 | static void MX_UART4_Init(void)
      |             ^~~~~~~~~~~~~
arm-none-eabi-g++ -o "DGAS Firmware.elf" @"objects.list"   -mcpu=cortex-m7 -T"C:\Users\rhett\OneDrive\Documents\Projects\DGAS\DGAS Firmware\STM32F746ZGTX_FLASH.ld" -Wl,-Map="DGAS Firmware.map" -Wl,--gc-sections -static --specs=nano.specs -mfpu=fpv5-sp-d16 -mfloat-abi=hard -mthumb -u _printf_float -Wl,--start-group -lc -lm -lstdc++ -lsupc++ -Wl,--end-group
Finished building target: DGAS Firmware.elf
 
arm-none-eabi-size   DGAS\ Firmware.elf 
arm-none-eabi-objdump -h -S  DGAS\ Firmware.elf  > "DGAS Firmware.list"
   text	   data	    bss	    dec	    hex	filename
 858788	    564	 134636	 993988	  f2ac4	DGAS Firmware.elf
Finished building: default.size.stdout
 
Finished building: DGAS Firmware.list
 
13:48:45 **** Incremental Build of configuration Debug for project DGAS Firmware ****
make -j8 all 
arm-none-eabi-gcc "../Core/Src/buttons.c" -mcpu=cortex-m7 -std=gnu11 -g3 -DLV_CONF_INCLUDE_SIMPLE -DDEBUG -DLV_LVGL_H_INCLUDE_SIMPLE -DUSE_HAL_DRIVER -DSTM32F746xx -c -I../Core/Inc -I../Core/Src/ui/ -I../Core/Src/lvgl/ -I../Drivers/STM32F7xx_HAL_Driver/Inc -I../Drivers/STM32F7xx_HAL_Driver/Inc/Legacy -I../Drivers/CMSIS/Device/ST/STM32F7xx/Include -I../Drivers/CMSIS/Include -O2 -ffunction-sections -fdata-sections -Wall -fstack-usage -fcyclomatic-complexity -MMD -MP -MF"Core/Src/buttons.d" -MT"Core/Src/buttons.o" --specs=nano.specs -mfpu=fpv5-sp-d16 -mfloat-abi=hard -mthumb -o "Core/Src/buttons.o"
arm-none-eabi-g++ -o "DGAS Firmware.elf" @"objects.list"   -mcpu=cortex-m7 -T"C:\Users\rhett\OneDrive\Documents\Projects\DGAS\DGAS Firmware\STM32F746ZGTX_FLASH.ld" -Wl,-Map="DGAS Firmware.map" -Wl,--gc-sections -static --specs=nano.specs -mfpu=fpv5-sp-d16 -mfloat-abi=hard -mthumb -u _printf_float -Wl,--start-group -lc -lm -lstdc++ -lsupc++ -Wl,--end-group
Finished building target: DGAS Firmware.elf
 
arm-none-eabi-size   DGAS\ Firmware.elf 
arm-none-eabi-objdump -h -S  DGAS\ Firmware.elf  > "DGAS Firmware.list"
   text	   data	    bss	    dec	    hex	filename
 858828	    564	 134636	 994028	  f2aec	DGAS Firmware.elf
Finished building: default.size.stdout
 
Finished building: DGAS Firmware.list
 
13:50:59 **** Incremental Build of configuration Debug for project DGAS Firmware ****
make -j8 all 
arm-none-eabi-gcc "../Core/Src/main.c" -mcpu=cortex-m7 -std=gnu11 -g3 -DLV_CONF_INCLUDE_SIMPLE -DDEBUG -DLV_LVGL_H_INCLUDE_SIMPLE -DUSE_HAL_DRIVER -DSTM32F746xx -c -I../Core/Inc -I../Core/Src/ui/ -I../Core/Src/lvgl/ -I../Drivers/STM32F7xx_HAL_Driver/Inc -I../Drivers/STM32F7xx_HAL_Driver/Inc/Legacy -I../Drivers/CMSIS/Device/ST/STM32F7xx/Include -I../Drivers/CMSIS/Include -O2 -ffunction-sections -fdata-sections -Wall -fstack-usage -fcyclomatic-complexity -MMD -MP -MF"Core/Src/main.d" -MT"Core/Src/main.o" --specs=nano.specs -mfpu=fpv5-sp-d16 -mfloat-abi=hard -mthumb -o "Core/Src/main.o"
../Core/Src/main.c: In function 'main':
../Core/Src/main.c:246:3: warning: implicit declaration of function 'debug_init' [-Wimplicit-function-declaration]
  246 |   debug_init(kwp.id);
      |   ^~~~~~~~~~
At top level:
../Core/Src/main.c:736:13: warning: 'MX_UART4_Init' defined but not used [-Wunused-function]
  736 | static void MX_UART4_Init(void)
      |             ^~~~~~~~~~~~~
arm-none-eabi-g++ -o "DGAS Firmware.elf" @"objects.list"   -mcpu=cortex-m7 -T"C:\Users\rhett\OneDrive\Documents\Projects\DGAS\DGAS Firmware\STM32F746ZGTX_FLASH.ld" -Wl,-Map="DGAS Firmware.map" -Wl,--gc-sections -static --specs=nano.specs -mfpu=fpv5-sp-d16 -mfloat-abi=hard -mthumb -u _printf_float -Wl,--start-group -lc -lm -lstdc++ -lsupc++ -Wl,--end-group
Finished building target: DGAS Firmware.elf
 
arm-none-eabi-size   DGAS\ Firmware.elf 
arm-none-eabi-objdump -h -S  DGAS\ Firmware.elf  > "DGAS Firmware.list"
   text	   data	    bss	    dec	    hex	filename
 858796	    564	 134636	 993996	  f2acc	DGAS Firmware.elf
Finished building: default.size.stdout
 
Finished building: DGAS Firmware.list
 
13:55:23 **** Incremental Build of configuration Debug for project DGAS Firmware ****
make -j8 all 
arm-none-eabi-gcc "../Core/Src/buttons.c" -mcpu=cortex-m7 -std=gnu11 -g3 -DLV_CONF_INCLUDE_SIMPLE -DDEBUG -DLV_LVGL_H_INCLUDE_SIMPLE -DUSE_HAL_DRIVER -DSTM32F746xx -c -I../Core/Inc -I../Core/Src/ui/ -I../Core/Src/lvgl/ -I../Drivers/STM32F7xx_HAL_Driver/Inc -I../Drivers/STM32F7xx_HAL_Driver/Inc/Legacy -I../Drivers/CMSIS/Device/ST/STM32F7xx/Include -I../Drivers/CMSIS/Include -O2 -ffunction-sections -fdata-sections -Wall -fstack-usage -fcyclomatic-complexity -MMD -MP -MF"Core/Src/buttons.d" -MT"Core/Src/buttons.o" --specs=nano.specs -mfpu=fpv5-sp-d16 -mfloat-abi=hard -mthumb -o "Core/Src/buttons.o"
arm-none-eabi-g++ -o "DGAS Firmware.elf" @"objects.list"   -mcpu=cortex-m7 -T"C:\Users\rhett\OneDrive\Documents\Projects\DGAS\DGAS Firmware\STM32F746ZGTX_FLASH.ld" -Wl,-Map="DGAS Firmware.map" -Wl,--gc-sections -static --specs=nano.specs -mfpu=fpv5-sp-d16 -mfloat-abi=hard -mthumb -u _printf_float -Wl,--start-group -lc -lm -lstdc++ -lsupc++ -Wl,--end-group
Finished building target: DGAS Firmware.elf
 
arm-none-eabi-size   DGAS\ Firmware.elf 
arm-none-eabi-objdump -h -S  DGAS\ Firmware.elf  > "DGAS Firmware.list"
   text	   data	    bss	    dec	    hex	filename
 858836	    564	 134636	 994036	  f2af4	DGAS Firmware.elf
Finished building: default.size.stdout
 
Finished building: DGAS Firmware.list
 
13:57:42 **** Incremental Build of configuration Debug for project DGAS Firmware ****
make -j8 all 
arm-none-eabi-gcc "../Core/Src/buttons.c" -mcpu=cortex-m7 -std=gnu11 -g3 -DLV_CONF_INCLUDE_SIMPLE -DDEBUG -DLV_LVGL_H_INCLUDE_SIMPLE -DUSE_HAL_DRIVER -DSTM32F746xx -c -I../Core/Inc -I../Core/Src/ui/ -I../Core/Src/lvgl/ -I../Drivers/STM32F7xx_HAL_Driver/Inc -I../Drivers/STM32F7xx_HAL_Driver/Inc/Legacy -I../Drivers/CMSIS/Device/ST/STM32F7xx/Include -I../Drivers/CMSIS/Include -O2 -ffunction-sections -fdata-sections -Wall -fstack-usage -fcyclomatic-complexity -MMD -MP -MF"Core/Src/buttons.d" -MT"Core/Src/buttons.o" --specs=nano.specs -mfpu=fpv5-sp-d16 -mfloat-abi=hard -mthumb -o "Core/Src/buttons.o"
arm-none-eabi-g++ -o "DGAS Firmware.elf" @"objects.list"   -mcpu=cortex-m7 -T"C:\Users\rhett\OneDrive\Documents\Projects\DGAS\DGAS Firmware\STM32F746ZGTX_FLASH.ld" -Wl,-Map="DGAS Firmware.map" -Wl,--gc-sections -static --specs=nano.specs -mfpu=fpv5-sp-d16 -mfloat-abi=hard -mthumb -u _printf_float -Wl,--start-group -lc -lm -lstdc++ -lsupc++ -Wl,--end-group
Finished building target: DGAS Firmware.elf
 
arm-none-eabi-size   DGAS\ Firmware.elf 
arm-none-eabi-objdump -h -S  DGAS\ Firmware.elf  > "DGAS Firmware.list"
   text	   data	    bss	    dec	    hex	filename
 858860	    564	 134636	 994060	  f2b0c	DGAS Firmware.elf
Finished building: default.size.stdout
 
Finished building: DGAS Firmware.list
 
15:28:40 **** Incremental Build of configuration Debug for project DGAS Firmware ****
make -j8 all 
arm-none-eabi-gcc "../Core/Src/lvgl/src/widgets/dropdown/lv_dropdown.c" -mcpu=cortex-m7 -std=gnu11 -g3 -DLV_CONF_INCLUDE_SIMPLE -DDEBUG -DLV_LVGL_H_INCLUDE_SIMPLE -DUSE_HAL_DRIVER -DSTM32F746xx -c -I../Core/Inc -I../Core/Src/ui/ -I../Core/Src/lvgl/ -I../Drivers/STM32F7xx_HAL_Driver/Inc -I../Drivers/STM32F7xx_HAL_Driver/Inc/Legacy -I../Drivers/CMSIS/Device/ST/STM32F7xx/Include -I../Drivers/CMSIS/Include -O2 -ffunction-sections -fdata-sections -Wall -fstack-usage -fcyclomatic-complexity -MMD -MP -MF"Core/Src/lvgl/src/widgets/dropdown/lv_dropdown.d" -MT"Core/Src/lvgl/src/widgets/dropdown/lv_dropdown.o" --specs=nano.specs -mfpu=fpv5-sp-d16 -mfloat-abi=hard -mthumb -o "Core/Src/lvgl/src/widgets/dropdown/lv_dropdown.o"
arm-none-eabi-gcc "../Core/Src/buttons.c" -mcpu=cortex-m7 -std=gnu11 -g3 -DLV_CONF_INCLUDE_SIMPLE -DDEBUG -DLV_LVGL_H_INCLUDE_SIMPLE -DUSE_HAL_DRIVER -DSTM32F746xx -c -I../Core/Inc -I../Core/Src/ui/ -I../Core/Src/lvgl/ -I../Drivers/STM32F7xx_HAL_Driver/Inc -I../Drivers/STM32F7xx_HAL_Driver/Inc/Legacy -I../Drivers/CMSIS/Device/ST/STM32F7xx/Include -I../Drivers/CMSIS/Include -O2 -ffunction-sections -fdata-sections -Wall -fstack-usage -fcyclomatic-complexity -MMD -MP -MF"Core/Src/buttons.d" -MT"Core/Src/buttons.o" --specs=nano.specs -mfpu=fpv5-sp-d16 -mfloat-abi=hard -mthumb -o "Core/Src/buttons.o"
arm-none-eabi-gcc "../Core/Src/main.c" -mcpu=cortex-m7 -std=gnu11 -g3 -DLV_CONF_INCLUDE_SIMPLE -DDEBUG -DLV_LVGL_H_INCLUDE_SIMPLE -DUSE_HAL_DRIVER -DSTM32F746xx -c -I../Core/Inc -I../Core/Src/ui/ -I../Core/Src/lvgl/ -I../Drivers/STM32F7xx_HAL_Driver/Inc -I../Drivers/STM32F7xx_HAL_Driver/Inc/Legacy -I../Drivers/CMSIS/Device/ST/STM32F7xx/Include -I../Drivers/CMSIS/Include -O2 -ffunction-sections -fdata-sections -Wall -fstack-usage -fcyclomatic-complexity -MMD -MP -MF"Core/Src/main.d" -MT"Core/Src/main.o" --specs=nano.specs -mfpu=fpv5-sp-d16 -mfloat-abi=hard -mthumb -o "Core/Src/main.o"
../Core/Src/buttons.c: In function 'enc_read':
../Core/Src/buttons.c:59:14: warning: unused variable 'focused' [-Wunused-variable]
   59 |    lv_obj_t* focused = lv_group_get_focused(settingsGroup);
      |              ^~~~~~~
../Core/Src/main.c: In function 'main':
../Core/Src/main.c:246:3: warning: implicit declaration of function 'debug_init' [-Wimplicit-function-declaration]
  246 |   debug_init(kwp.id);
      |   ^~~~~~~~~~
At top level:
../Core/Src/main.c:736:13: warning: 'MX_UART4_Init' defined but not used [-Wunused-function]
  736 | static void MX_UART4_Init(void)
      |             ^~~~~~~~~~~~~
arm-none-eabi-g++ -o "DGAS Firmware.elf" @"objects.list"   -mcpu=cortex-m7 -T"C:\Users\rhett\OneDrive\Documents\Projects\DGAS\DGAS Firmware\STM32F746ZGTX_FLASH.ld" -Wl,-Map="DGAS Firmware.map" -Wl,--gc-sections -static --specs=nano.specs -mfpu=fpv5-sp-d16 -mfloat-abi=hard -mthumb -u _printf_float -Wl,--start-group -lc -lm -lstdc++ -lsupc++ -Wl,--end-group
Finished building target: DGAS Firmware.elf
 
arm-none-eabi-size   DGAS\ Firmware.elf 
arm-none-eabi-objdump -h -S  DGAS\ Firmware.elf  > "DGAS Firmware.list"
   text	   data	    bss	    dec	    hex	filename
 858884	    564	 134636	 994084	  f2b24	DGAS Firmware.elf
Finished building: default.size.stdout
 
Finished building: DGAS Firmware.list
 
15:30:52 **** Incremental Build of configuration Debug for project DGAS Firmware ****
make -j8 all 
arm-none-eabi-size   DGAS\ Firmware.elf 
   text	   data	    bss	    dec	    hex	filename
 858884	    564	 134636	 994084	  f2b24	DGAS Firmware.elf
Finished building: default.size.stdout
 
15:39:05 **** Incremental Build of configuration Debug for project DGAS Firmware ****
make -j8 all 
arm-none-eabi-gcc "../Core/Src/lvgl/src/widgets/dropdown/lv_dropdown.c" -mcpu=cortex-m7 -std=gnu11 -g3 -DLV_CONF_INCLUDE_SIMPLE -DDEBUG -DLV_LVGL_H_INCLUDE_SIMPLE -DUSE_HAL_DRIVER -DSTM32F746xx -c -I../Core/Inc -I../Core/Src/ui/ -I../Core/Src/lvgl/ -I../Drivers/STM32F7xx_HAL_Driver/Inc -I../Drivers/STM32F7xx_HAL_Driver/Inc/Legacy -I../Drivers/CMSIS/Device/ST/STM32F7xx/Include -I../Drivers/CMSIS/Include -O2 -ffunction-sections -fdata-sections -Wall -fstack-usage -fcyclomatic-complexity -MMD -MP -MF"Core/Src/lvgl/src/widgets/dropdown/lv_dropdown.d" -MT"Core/Src/lvgl/src/widgets/dropdown/lv_dropdown.o" --specs=nano.specs -mfpu=fpv5-sp-d16 -mfloat-abi=hard -mthumb -o "Core/Src/lvgl/src/widgets/dropdown/lv_dropdown.o"
arm-none-eabi-gcc "../Core/Src/buttons.c" -mcpu=cortex-m7 -std=gnu11 -g3 -DLV_CONF_INCLUDE_SIMPLE -DDEBUG -DLV_LVGL_H_INCLUDE_SIMPLE -DUSE_HAL_DRIVER -DSTM32F746xx -c -I../Core/Inc -I../Core/Src/ui/ -I../Core/Src/lvgl/ -I../Drivers/STM32F7xx_HAL_Driver/Inc -I../Drivers/STM32F7xx_HAL_Driver/Inc/Legacy -I../Drivers/CMSIS/Device/ST/STM32F7xx/Include -I../Drivers/CMSIS/Include -O2 -ffunction-sections -fdata-sections -Wall -fstack-usage -fcyclomatic-complexity -MMD -MP -MF"Core/Src/buttons.d" -MT"Core/Src/buttons.o" --specs=nano.specs -mfpu=fpv5-sp-d16 -mfloat-abi=hard -mthumb -o "Core/Src/buttons.o"
arm-none-eabi-g++ -o "DGAS Firmware.elf" @"objects.list"   -mcpu=cortex-m7 -T"C:\Users\rhett\OneDrive\Documents\Projects\DGAS\DGAS Firmware\STM32F746ZGTX_FLASH.ld" -Wl,-Map="DGAS Firmware.map" -Wl,--gc-sections -static --specs=nano.specs -mfpu=fpv5-sp-d16 -mfloat-abi=hard -mthumb -u _printf_float -Wl,--start-group -lc -lm -lstdc++ -lsupc++ -Wl,--end-group
Finished building target: DGAS Firmware.elf
 
arm-none-eabi-size   DGAS\ Firmware.elf 
arm-none-eabi-objdump -h -S  DGAS\ Firmware.elf  > "DGAS Firmware.list"
   text	   data	    bss	    dec	    hex	filename
 858868	    564	 134636	 994068	  f2b14	DGAS Firmware.elf
Finished building: default.size.stdout
 
Finished building: DGAS Firmware.list
 
